<?xml version="1.0" encoding="UTF-8"?>
<TestRun id="58fc620e-7f36-4760-b787-0fc983ed4fb1" name="senthurans@M-SKALU-LT 2013-08-06 11:02:30" runUser="PRIVERUS\senthurans" xmlns="http://microsoft.com/schemas/VisualStudio/TeamTest/2010">
  <TestSettings name="Local" id="b29f986e-3e84-4d7d-8dfc-b37bec7f3afd">
    <Description>These are default test settings for a local test run.</Description>
    <Deployment enabled="false" runDeploymentRoot="senthurans_M-SKALU-LT 2013-08-06 11_02_30">
      <DeploymentItem filename="C:\Projects\MyLib\MyLib\bin\Debug\MyLib.dll" />
    </Deployment>
    <Execution>
      <TestTypeSpecific />
      <AgentRule name="Execution Agents">
      </AgentRule>
    </Execution>
  </TestSettings>
  <Times creation="2013-08-06T11:02:30.5055730-04:00" queuing="2013-08-06T11:02:31.6131749-04:00" start="2013-08-06T11:02:31.8159753-04:00" finish="2013-08-06T11:03:16.6036539-04:00" />
  <ResultSummary outcome="Failed">
    <Counters total="4" executed="4" passed="3" error="0" failed="1" timeout="0" aborted="0" inconclusive="0" passedButRunAborted="0" notRunnable="0" notExecuted="0" disconnected="0" warning="0" completed="0" inProgress="0" pending="0" />
  </ResultSummary>
  <TestDefinitions>
    <UnitTest name="TestMethod3" storage="c:\projects\mylib\mytest\bin\debug\mytest.dll" id="099b3509-6376-6e80-75a4-d8a6f6161cef">
      <Execution id="594131ed-f94e-44cf-b9b9-b2ca08109414" />
      <TestMethod codeBase="C:/Projects/MyLib/MyTest/bin/Debug/MyTest.DLL" adapterTypeName="Microsoft.VisualStudio.TestTools.TestTypes.Unit.UnitTestAdapter, Microsoft.VisualStudio.QualityTools.Tips.UnitTest.Adapter, Version=10.0.0.0, Culture=neutral, PublicKeyToken=b03f5f7f11d50a3a" className="MyTest.UnitTest1, MyTest, Version=1.0.0.0, Culture=neutral, PublicKeyToken=null" name="TestMethod3" />
    </UnitTest>
    <UnitTest name="TestMethod2" storage="c:\projects\mylib\mytest\bin\debug\mytest.dll" id="cf18fab8-2927-0cd9-a589-2d8d10636953">
      <Execution id="7e631c5a-1df6-450c-a04e-e371e0684246" />
      <TestMethod codeBase="C:/Projects/MyLib/MyTest/bin/Debug/MyTest.DLL" adapterTypeName="Microsoft.VisualStudio.TestTools.TestTypes.Unit.UnitTestAdapter, Microsoft.VisualStudio.QualityTools.Tips.UnitTest.Adapter, Version=10.0.0.0, Culture=neutral, PublicKeyToken=b03f5f7f11d50a3a" className="MyTest.UnitTest1, MyTest, Version=1.0.0.0, Culture=neutral, PublicKeyToken=null" name="TestMethod2" />
    </UnitTest>
    <UnitTest name="TestMethod4" storage="c:\projects\mylib\mytest\bin\debug\mytest.dll" id="41dff518-b075-c5fb-0d1e-7ca601b6d56a">
      <Execution id="cdf01f5d-4882-4646-aa92-bc93edc5343c" />
      <TestMethod codeBase="C:/Projects/MyLib/MyTest/bin/Debug/MyTest.DLL" adapterTypeName="Microsoft.VisualStudio.TestTools.TestTypes.Unit.UnitTestAdapter, Microsoft.VisualStudio.QualityTools.Tips.UnitTest.Adapter, Version=10.0.0.0, Culture=neutral, PublicKeyToken=b03f5f7f11d50a3a" className="MyTest.UnitTest1, MyTest, Version=1.0.0.0, Culture=neutral, PublicKeyToken=null" name="TestMethod4" />
    </UnitTest>
    <UnitTest name="TestMethod1" storage="c:\projects\mylib\mytest\bin\debug\mytest.dll" id="a0f80cf8-aa0b-8e1b-9ac0-c4b01b30f2be">
      <Execution id="d028f993-dd70-49c2-be97-549398d468ef" />
      <TestMethod codeBase="C:/Projects/MyLib/MyTest/bin/Debug/MyTest.DLL" adapterTypeName="Microsoft.VisualStudio.TestTools.TestTypes.Unit.UnitTestAdapter, Microsoft.VisualStudio.QualityTools.Tips.UnitTest.Adapter, Version=10.0.0.0, Culture=neutral, PublicKeyToken=b03f5f7f11d50a3a" className="MyTest.UnitTest1, MyTest, Version=1.0.0.0, Culture=neutral, PublicKeyToken=null" name="TestMethod1" />
    </UnitTest>
  </TestDefinitions>
  <TestLists>
    <TestList name="Results Not in a List" id="8c84fa94-04c1-424b-9868-57a2d4851a1d" />
    <TestList name="All Loaded Results" id="19431567-8539-422a-85d7-44ee4e166bda" />
  </TestLists>
  <TestEntries>
    <TestEntry testId="a0f80cf8-aa0b-8e1b-9ac0-c4b01b30f2be" executionId="d028f993-dd70-49c2-be97-549398d468ef" testListId="8c84fa94-04c1-424b-9868-57a2d4851a1d" />
    <TestEntry testId="cf18fab8-2927-0cd9-a589-2d8d10636953" executionId="7e631c5a-1df6-450c-a04e-e371e0684246" testListId="8c84fa94-04c1-424b-9868-57a2d4851a1d" />
    <TestEntry testId="099b3509-6376-6e80-75a4-d8a6f6161cef" executionId="594131ed-f94e-44cf-b9b9-b2ca08109414" testListId="8c84fa94-04c1-424b-9868-57a2d4851a1d" />
    <TestEntry testId="41dff518-b075-c5fb-0d1e-7ca601b6d56a" executionId="cdf01f5d-4882-4646-aa92-bc93edc5343c" testListId="8c84fa94-04c1-424b-9868-57a2d4851a1d" />
  </TestEntries>
  <Results>
    <UnitTestResult executionId="d028f993-dd70-49c2-be97-549398d468ef" testId="a0f80cf8-aa0b-8e1b-9ac0-c4b01b30f2be" testName="TestMethod1" computerName="M-SKALU-LT" duration="00:00:00.0340390" startTime="2013-08-06T11:02:32.4867765-04:00" endTime="2013-08-06T11:02:33.9687791-04:00" testType="13cdc9d9-ddb5-4fa4-a97d-d965ccfc6d4b" outcome="Passed" testListId="8c84fa94-04c1-424b-9868-57a2d4851a1d" relativeResultsDirectory="d028f993-dd70-49c2-be97-549398d468ef">
    </UnitTestResult>
    <UnitTestResult executionId="7e631c5a-1df6-450c-a04e-e371e0684246" testId="cf18fab8-2927-0cd9-a589-2d8d10636953" testName="TestMethod2" computerName="M-SKALU-LT" duration="00:00:00.0007203" startTime="2013-08-06T11:02:33.9843791-04:00" endTime="2013-08-06T11:02:33.9843791-04:00" testType="13cdc9d9-ddb5-4fa4-a97d-d965ccfc6d4b" outcome="Passed" testListId="8c84fa94-04c1-424b-9868-57a2d4851a1d" relativeResultsDirectory="7e631c5a-1df6-450c-a04e-e371e0684246">
    </UnitTestResult>
    <UnitTestResult executionId="594131ed-f94e-44cf-b9b9-b2ca08109414" testId="099b3509-6376-6e80-75a4-d8a6f6161cef" testName="TestMethod3" computerName="M-SKALU-LT" duration="00:00:02.8706849" startTime="2013-08-06T11:02:33.9843791-04:00" endTime="2013-08-06T11:02:36.8703841-04:00" testType="13cdc9d9-ddb5-4fa4-a97d-d965ccfc6d4b" outcome="Passed" testListId="8c84fa94-04c1-424b-9868-57a2d4851a1d" relativeResultsDirectory="594131ed-f94e-44cf-b9b9-b2ca08109414">
    </UnitTestResult>
    <UnitTestResult executionId="cdf01f5d-4882-4646-aa92-bc93edc5343c" testId="41dff518-b075-c5fb-0d1e-7ca601b6d56a" testName="TestMethod4" computerName="M-SKALU-LT" duration="00:00:39.5884689" startTime="2013-08-06T11:02:36.8859842-04:00" endTime="2013-08-06T11:03:16.4788537-04:00" testType="13cdc9d9-ddb5-4fa4-a97d-d965ccfc6d4b" outcome="Failed" testListId="8c84fa94-04c1-424b-9868-57a2d4851a1d" relativeResultsDirectory="cdf01f5d-4882-4646-aa92-bc93edc5343c">
      <Output>
        <ErrorInfo>
          <Message>Assert.AreEqual failed. Expected:&lt;0&gt;. Actual:&lt;1&gt;. </Message>
          <StackTrace>   at MyTest.UnitTest1.TestMethod4() in C:\Projects\MyLib\MyTest\UnitTest1.cs:line 55
</StackTrace>
        </ErrorInfo>
      </Output>
    </UnitTestResult>
  </Results>
</TestRun>