<?xml version="1.0" encoding="UTF-8"?>
<TestRun id="acd15c08-da34-4db9-adce-46d237514049" name="senthurans@M-SKALU-LT 2013-08-06 11:03:28" runUser="PRIVERUS\senthurans" xmlns="http://microsoft.com/schemas/VisualStudio/TeamTest/2010">
  <TestSettings name="Local" id="b29f986e-3e84-4d7d-8dfc-b37bec7f3afd">
    <Description>These are default test settings for a local test run.</Description>
    <Deployment enabled="false" runDeploymentRoot="senthurans_M-SKALU-LT 2013-08-06 11_03_28">
      <DeploymentItem filename="C:\Projects\MyLib\MyLib\bin\Debug\MyLib.dll" />
    </Deployment>
    <Execution>
      <TestTypeSpecific />
      <AgentRule name="Execution Agents">
      </AgentRule>
    </Execution>
  </TestSettings>
  <Times creation="2013-08-06T11:03:28.3504746-04:00" queuing="2013-08-06T11:03:29.4892766-04:00" start="2013-08-06T11:03:29.6764769-04:00" finish="2013-08-06T11:05:37.6903017-04:00" />
  <ResultSummary outcome="Error">
    <Counters total="4" executed="4" passed="3" error="0" failed="0" timeout="0" aborted="1" inconclusive="0" passedButRunAborted="0" notRunnable="0" notExecuted="0" disconnected="0" warning="0" completed="0" inProgress="0" pending="0" />
    <RunInfos>
      <RunInfo computerName="M-SKALU-LT" outcome="Error" timestamp="2013-08-06T11:05:37.6747017-04:00">
        <Text>Test host process exited unexpectedly.</Text>
      </RunInfo>
    </RunInfos>
  </ResultSummary>
  <TestDefinitions>
    <UnitTest name="TestMethod3" storage="c:\projects\mylib\mytest\bin\debug\mytest.dll" id="099b3509-6376-6e80-75a4-d8a6f6161cef">
      <Execution id="0c2aadc5-7da3-4661-90ad-a0dbe3f21a6c" />
      <TestMethod codeBase="C:/Projects/MyLib/MyTest/bin/Debug/MyTest.DLL" adapterTypeName="Microsoft.VisualStudio.TestTools.TestTypes.Unit.UnitTestAdapter, Microsoft.VisualStudio.QualityTools.Tips.UnitTest.Adapter, Version=10.0.0.0, Culture=neutral, PublicKeyToken=b03f5f7f11d50a3a" className="MyTest.UnitTest1, MyTest, Version=1.0.0.0, Culture=neutral, PublicKeyToken=null" name="TestMethod3" />
    </UnitTest>
    <UnitTest name="TestMethod2" storage="c:\projects\mylib\mytest\bin\debug\mytest.dll" id="cf18fab8-2927-0cd9-a589-2d8d10636953">
      <Execution id="6d1f4da2-54bf-47dc-bbda-5f29264f35ca" />
      <TestMethod codeBase="C:/Projects/MyLib/MyTest/bin/Debug/MyTest.DLL" adapterTypeName="Microsoft.VisualStudio.TestTools.TestTypes.Unit.UnitTestAdapter, Microsoft.VisualStudio.QualityTools.Tips.UnitTest.Adapter, Version=10.0.0.0, Culture=neutral, PublicKeyToken=b03f5f7f11d50a3a" className="MyTest.UnitTest1, MyTest, Version=1.0.0.0, Culture=neutral, PublicKeyToken=null" name="TestMethod2" />
    </UnitTest>
    <UnitTest name="TestMethod4" storage="c:\projects\mylib\mytest\bin\debug\mytest.dll" id="41dff518-b075-c5fb-0d1e-7ca601b6d56a">
      <Execution id="652fd410-9bd0-4e62-968e-c0959187a53c" />
      <TestMethod codeBase="C:/Projects/MyLib/MyTest/bin/Debug/MyTest.DLL" adapterTypeName="Microsoft.VisualStudio.TestTools.TestTypes.Unit.UnitTestAdapter, Microsoft.VisualStudio.QualityTools.Tips.UnitTest.Adapter, Version=10.0.0.0, Culture=neutral, PublicKeyToken=b03f5f7f11d50a3a" className="MyTest.UnitTest1, MyTest, Version=1.0.0.0, Culture=neutral, PublicKeyToken=null" name="TestMethod4" />
    </UnitTest>
    <UnitTest name="TestMethod1" storage="c:\projects\mylib\mytest\bin\debug\mytest.dll" id="a0f80cf8-aa0b-8e1b-9ac0-c4b01b30f2be">
      <Execution id="b841eac7-7df0-4b57-97ea-107d2fa9da38" />
      <TestMethod codeBase="C:/Projects/MyLib/MyTest/bin/Debug/MyTest.DLL" adapterTypeName="Microsoft.VisualStudio.TestTools.TestTypes.Unit.UnitTestAdapter, Microsoft.VisualStudio.QualityTools.Tips.UnitTest.Adapter, Version=10.0.0.0, Culture=neutral, PublicKeyToken=b03f5f7f11d50a3a" className="MyTest.UnitTest1, MyTest, Version=1.0.0.0, Culture=neutral, PublicKeyToken=null" name="TestMethod1" />
    </UnitTest>
  </TestDefinitions>
  <TestLists>
    <TestList name="Results Not in a List" id="8c84fa94-04c1-424b-9868-57a2d4851a1d" />
    <TestList name="All Loaded Results" id="19431567-8539-422a-85d7-44ee4e166bda" />
  </TestLists>
  <TestEntries>
    <TestEntry testId="a0f80cf8-aa0b-8e1b-9ac0-c4b01b30f2be" executionId="b841eac7-7df0-4b57-97ea-107d2fa9da38" testListId="8c84fa94-04c1-424b-9868-57a2d4851a1d" />
    <TestEntry testId="cf18fab8-2927-0cd9-a589-2d8d10636953" executionId="6d1f4da2-54bf-47dc-bbda-5f29264f35ca" testListId="8c84fa94-04c1-424b-9868-57a2d4851a1d" />
    <TestEntry testId="099b3509-6376-6e80-75a4-d8a6f6161cef" executionId="0c2aadc5-7da3-4661-90ad-a0dbe3f21a6c" testListId="8c84fa94-04c1-424b-9868-57a2d4851a1d" />
    <TestEntry testId="41dff518-b075-c5fb-0d1e-7ca601b6d56a" executionId="652fd410-9bd0-4e62-968e-c0959187a53c" testListId="8c84fa94-04c1-424b-9868-57a2d4851a1d" />
  </TestEntries>
  <Results>
    <UnitTestResult executionId="b841eac7-7df0-4b57-97ea-107d2fa9da38" testId="a0f80cf8-aa0b-8e1b-9ac0-c4b01b30f2be" testName="TestMethod1" computerName="M-SKALU-LT" duration="00:00:00.1011538" startTime="2013-08-06T11:03:30.4408782-04:00" endTime="2013-08-06T11:03:32.2192814-04:00" testType="13cdc9d9-ddb5-4fa4-a97d-d965ccfc6d4b" outcome="Passed" testListId="8c84fa94-04c1-424b-9868-57a2d4851a1d" relativeResultsDirectory="b841eac7-7df0-4b57-97ea-107d2fa9da38">
    </UnitTestResult>
    <UnitTestResult executionId="6d1f4da2-54bf-47dc-bbda-5f29264f35ca" testId="cf18fab8-2927-0cd9-a589-2d8d10636953" testName="TestMethod2" computerName="M-SKALU-LT" duration="00:00:00.0007596" startTime="2013-08-06T11:03:32.2192814-04:00" endTime="2013-08-06T11:03:32.2348814-04:00" testType="13cdc9d9-ddb5-4fa4-a97d-d965ccfc6d4b" outcome="Passed" testListId="8c84fa94-04c1-424b-9868-57a2d4851a1d" relativeResultsDirectory="6d1f4da2-54bf-47dc-bbda-5f29264f35ca">
    </UnitTestResult>
    <UnitTestResult executionId="0c2aadc5-7da3-4661-90ad-a0dbe3f21a6c" testId="099b3509-6376-6e80-75a4-d8a6f6161cef" testName="TestMethod3" computerName="M-SKALU-LT" duration="00:00:02.2261767" startTime="2013-08-06T11:03:32.2348814-04:00" endTime="2013-08-06T11:03:34.4656853-04:00" testType="13cdc9d9-ddb5-4fa4-a97d-d965ccfc6d4b" outcome="Passed" testListId="8c84fa94-04c1-424b-9868-57a2d4851a1d" relativeResultsDirectory="0c2aadc5-7da3-4661-90ad-a0dbe3f21a6c">
    </UnitTestResult>
    <UnitTestResult executionId="652fd410-9bd0-4e62-968e-c0959187a53c" testId="41dff518-b075-c5fb-0d1e-7ca601b6d56a" testName="TestMethod4" computerName="M-SKALU-LT" duration="00:02:03.2090164" startTime="2013-08-06T11:03:34.4812853-04:00" endTime="2013-08-06T11:05:37.6903017-04:00" testType="13cdc9d9-ddb5-4fa4-a97d-d965ccfc6d4b" outcome="Aborted" testListId="8c84fa94-04c1-424b-9868-57a2d4851a1d" relativeResultsDirectory="652fd410-9bd0-4e62-968e-c0959187a53c">
    </UnitTestResult>
  </Results>
</TestRun>